src/integrations/LayerWebSocketIntegration.ts(89,5): error TS2741: Property 'sloCompliance' is missing in type '{ layerId: string; renderTime: number; dataSize: number; memoryUsage: number; cacheHitRate: number; lastRenderTime: string; fps: number; messagesSent: number; messagesReceived: number; lastMessageTime: number; averageLatency: number; throughput: number; }' but required in type 'LayerPerformanceMetrics'.
src/layers/implementations/GeoJsonLayer.ts(52,32): error TS2305: Module '"./LinestringLayer"' has no exported member 'LinestringEntityDataPointExtended'.
src/layers/implementations/GeoJsonLayer.ts(264,11): error TS2322: Type '{ autoDetect?: boolean | undefined; multiGeometryEnabled?: boolean | undefined; geometryCollectionEnabled?: boolean | undefined; pickable?: boolean | undefined; propertyMapping?: { ...; } | undefined; ... 22 more ...; dataClassification: "public" | ... 2 more ... | "restricted"; }' is not assignable to type 'LayerConfig'.
  Types of property 'data' are incompatible.
    Type 'any[] | undefined' is not assignable to type 'any[]'.
      Type 'undefined' is not assignable to type 'any[]'.
src/layers/implementations/GeoJsonLayer.ts(629,9): error TS2554: Expected 1 arguments, but got 3.
src/layers/implementations/GeoJsonLayer.ts(773,7): error TS2322: Type 'Geometry' is not assignable to type 'LineString | null'.
  Type 'Point' is not assignable to type 'LineString'.
    Types of property 'type' are incompatible.
      Type '"Point"' is not assignable to type '"LineString"'.
src/layers/implementations/GeoJsonLayer.ts(781,7): error TS2322: Type 'import("@deck.gl/core").Position[]' is not assignable to type 'GeoJSON.Position[]'.
  Type 'import("@deck.gl/core").Position' is not assignable to type 'GeoJSON.Position'.
    Type 'number | undefined' is not assignable to type 'number'.
      Type 'undefined' is not assignable to type 'number'.
src/layers/implementations/LinestringLayer.ts(167,14): error TS2415: Class 'LinestringLayer' incorrectly extends base class 'BaseLayer<LinestringEntityDataPoint>'.
  Property 'triggerPerformanceOptimization' is private in type 'LinestringLayer' but not in type 'BaseLayer<LinestringEntityDataPoint>'.
src/layers/implementations/LinestringLayer.ts(225,9): error TS2345: Argument of type 'GeoJSON.Position[]' is not assignable to parameter of type 'import("@deck.gl/core").Position[]'.
  Type 'GeoJSON.Position' is not assignable to type 'import("@deck.gl/core").Position'.
    Target requires 2 element(s) but source may have fewer.
src/layers/implementations/LinestringLayer.ts(248,9): error TS2345: Argument of type 'GeoJSON.Position[]' is not assignable to parameter of type 'import("@deck.gl/core").Position[]'.
src/layers/implementations/LinestringLayer.ts(271,47): error TS2345: Argument of type 'GeoJSON.Position[]' is not assignable to parameter of type 'import("@deck.gl/core").Position[]'.
src/layers/implementations/LinestringLayer.ts(360,51): error TS2345: Argument of type 'GeoJSON.Position[]' is not assignable to parameter of type 'import("@deck.gl/core").Position[]'.
src/layers/implementations/LinestringLayer.ts(409,47): error TS2345: Argument of type 'GeoJSON.Position[]' is not assignable to parameter of type 'import("@deck.gl/core").Position[]'.
src/layers/implementations/LinestringLayer.ts(439,63): error TS2352: Conversion of type '{ id: string; data: LinestringEntityDataPoint[]; getPath: (d: LinestringEntityDataPoint) => Position[]; getWidth: (d: LinestringEntityDataPoint) => number; getColor: (d: LinestringEntityDataPoint) => Color; getDashArray: (d: LinestringEntityDataPoint) => [...] | null; ... 8 more ...; updateTriggers: { ...; }; }' to type 'PathLayerProps<LinestringEntityDataPoint>' may be a mistake because neither type sufficiently overlaps with the other. If this was intentional, convert the expression to 'unknown' first.
  Types of property 'getPath' are incompatible.
    Type '(d: LinestringEntityDataPoint) => Position[]' is not comparable to type 'Accessor<LinestringEntityDataPoint, Position[]>'.
      Type '(d: LinestringEntityDataPoint) => Position[]' is not comparable to type '(d: LinestringEntityDataPoint, info: { index: number; target: number[]; }) => Position[]'.
        Type 'GeoJSON.Position[]' is not comparable to type 'import("@deck.gl/core").Position[]'.
          Type 'GeoJSON.Position' is not comparable to type 'import("@deck.gl/core").Position'.
            Target requires 2 element(s) but source may have fewer.
src/layers/implementations/LinestringLayer.ts(475,5): error TS2740: Type 'PathLayer<any, PathLayerProps<any>>' is missing the following properties from type 'Layer<any>': id, props, context, state, and 10 more.
src/layers/implementations/LinestringLayer.ts(536,7): error TS2322: Type '[number, number, number, number]' is not assignable to type 'Color'.
src/layers/implementations/LinestringLayer.ts(545,30): error TS7053: Element implicitly has an 'any' type because expression of type '3' can't be used to index type 'Color'.
  Property '3' does not exist on type 'Color'.
src/layers/implementations/LinestringLayer.ts(547,12): error TS2352: Conversion of type 'any[]' to type 'Color' may be a mistake because neither type sufficiently overlaps with the other. If this was intentional, convert the expression to 'unknown' first.
  Type 'any[]' is missing the following properties from type 'Color': r, g, b
src/layers/implementations/LinestringLayer.ts(547,13): error TS7053: Element implicitly has an 'any' type because expression of type '0' can't be used to index type 'Color'.
  Property '0' does not exist on type 'Color'.
src/layers/implementations/LinestringLayer.ts(547,27): error TS7053: Element implicitly has an 'any' type because expression of type '1' can't be used to index type 'Color'.
  Property '1' does not exist on type 'Color'.
src/layers/implementations/LinestringLayer.ts(547,41): error TS7053: Element implicitly has an 'any' type because expression of type '2' can't be used to index type 'Color'.
  Property '2' does not exist on type 'Color'.
src/layers/implementations/LinestringLayer.ts(1039,5): error TS2322: Type '{ id: string; visible: true; opacity: number; pickable: boolean; gpuFiltering: { boundsFilter: { enabled: true; bounds: [number, number, number, number]; buffer: number; }; segmentFilter: { enabled: true; minLength: number; maxLength: number; }; densityCulling: { ...; }; }; pathStyle: { ...; }; realtimeEnabled: true...' is not assignable to type 'LinestringLayerConfig'.
  Object literal may only specify known properties, and 'pickable' does not exist in type 'LinestringLayerConfig'.
src/layers/implementations/LinestringLayer.ts(1078,16): error TS2352: Conversion of type 'number[]' to type 'Color' may be a mistake because neither type sufficiently overlaps with the other. If this was intentional, convert the expression to 'unknown' first.
  Type 'number[]' is missing the following properties from type 'Color': r, g, b
src/layers/implementations/LinestringLayer.ts(1081,16): error TS2352: Conversion of type 'number[]' to type 'Color' may be a mistake because neither type sufficiently overlaps with the other. If this was intentional, convert the expression to 'unknown' first.
src/layers/implementations/LinestringLayer.ts(1082,19): error TS2352: Conversion of type 'number[]' to type 'Color' may be a mistake because neither type sufficiently overlaps with the other. If this was intentional, convert the expression to 'unknown' first.
src/layers/implementations/LinestringLayer.ts(1083,21): error TS2352: Conversion of type 'number[]' to type 'Color' may be a mistake because neither type sufficiently overlaps with the other. If this was intentional, convert the expression to 'unknown' first.
src/layers/implementations/LinestringLayer.ts(1084,15): error TS2352: Conversion of type 'number[]' to type 'Color' may be a mistake because neither type sufficiently overlaps with the other. If this was intentional, convert the expression to 'unknown' first.
src/layers/implementations/LinestringLayer.ts(1085,17): error TS2352: Conversion of type 'number[]' to type 'Color' may be a mistake because neither type sufficiently overlaps with the other. If this was intentional, convert the expression to 'unknown' first.
src/layers/implementations/PointLayer.ts(99,14): error TS2415: Class 'PointLayer' incorrectly extends base class 'BaseLayer<EntityDataPoint>'.
  Property 'invalidateCaches' is private in type 'PointLayer' but not in type 'BaseLayer<EntityDataPoint>'.
src/layers/implementations/PointLayer.ts(121,7): error TS2322: Type 'number[]' is not assignable to type 'VisualChannelValue'.
src/layers/implementations/PointLayer.ts(281,12): error TS2339: Property 'recordRenderTime' does not exist on type 'PointLayer'.
src/layers/implementations/PointLayer.ts(284,9): error TS2322: Type '{ entities: EntityDataPoint[]; metadata: { totalEntities: number; visibleEntities: number; processingTime: number; cacheHitRate: number; confidenceScore: number; entityHierarchy: any; }; }' is not assignable to type 'LayerData<Geometry>'.
  Object literal may only specify known properties, and 'entities' does not exist in type 'LayerData<Geometry>'.
src/layers/implementations/PointLayer.ts(295,57): error TS2345: Argument of type 'unknown' is not assignable to parameter of type 'Error'.
src/layers/implementations/PointLayer.ts(376,38): error TS2538: Type 'undefined' cannot be used as an index type.
src/layers/implementations/PointLayer.ts(380,12): error TS2678: Type '"color"' is not comparable to type '"categorical" | "quantitative" | "ordinal"'.
src/layers/implementations/PointLayer.ts(382,12): error TS2678: Type '"size"' is not comparable to type '"categorical" | "quantitative" | "ordinal"'.
src/layers/implementations/PointLayer.ts(384,12): error TS2678: Type '"opacity"' is not comparable to type '"categorical" | "quantitative" | "ordinal"'.
src/layers/implementations/PointLayer.ts(480,61): error TS2345: Argument of type 'unknown' is not assignable to parameter of type 'Error'.
src/layers/implementations/PointLayer.ts(487,39): error TS2304: Cannot find name 'WebSocketLayerMessage'.
src/layers/implementations/PointLayer.ts(512,40): error TS2304: Cannot find name 'WebSocketLayerMessage'.
src/layers/implementations/PointLayer.ts(541,47): error TS2304: Cannot find name 'WebSocketLayerMessage'.
src/layers/implementations/PointLayer.ts(586,24): error TS2551: Property 'getAuditTrail' does not exist on type 'PointLayer'. Did you mean 'auditTrail'?
src/layers/implementations/PointLayer.ts(595,17): error TS2774: This condition will always return true since this function is always defined. Did you mean to call it instead?
src/layers/implementations/PointLayer.ts(928,11): error TS2339: Property 'dispose' does not exist on type 'BaseLayer<EntityDataPoint>'.
src/layers/registry/LayerRegistry.ts(73,5): error TS2322: Type 'number' is not assignable to type '10000'.
src/layers/registry/LayerRegistry.ts(648,13): error TS2739: Type '{ mapV1Enabled: true; realTimeUpdates: true; performanceMode: "optimized"; layerTypes: { point: { enabled: true; rolloutPercentage: number; }; polygon: { enabled: true; rolloutPercentage: number; }; ... 6 more ...; imagery: { ...; }; }; }' is missing the following properties from type 'FeatureFlagConfig': enabled, rolloutPercentage
src/layers/registry/LayerRegistry.ts(701,9): error TS2322: Type 'LayerEvent' is not assignable to type '"error" | "layer_loaded" | "layer_updated" | "layer_removed" | "data_updated"'.
src/layers/registry/LayerRegistry.ts(701,15): error TS2352: Conversion of type 'string' to type 'LayerEvent' may be a mistake because neither type sufficiently overlaps with the other. If this was intentional, convert the expression to 'unknown' first.
src/layers/types/layer-types.ts(65,18): error TS2430: Interface 'PolygonEntityDataPoint' incorrectly extends interface 'BaseEntityDataPoint<Polygon | MultiPolygon>'.
  Types of property 'visualProperties' are incompatible.
    Type '{ fillColor?: [number, number, number, number] | undefined; strokeColor?: [number, number, number, number] | undefined; strokeWidth?: number | undefined; filled?: boolean | undefined; ... 5 more ...; opacity?: number | undefined; } | undefined' is not assignable to type '{ color: string | [number, number, number, number]; size: number; opacity: number; } | undefined'.
      Type '{ fillColor?: [number, number, number, number] | undefined; strokeColor?: [number, number, number, number] | undefined; strokeWidth?: number | undefined; filled?: boolean | undefined; ... 5 more ...; opacity?: number | undefined; }' is not assignable to type '{ color: string | [number, number, number, number]; size: number; opacity: number; }'.
        Types of property 'color' are incompatible.
          Type 'string | [number, number, number, number] | undefined' is not assignable to type 'string | [number, number, number, number]'.
            Type 'undefined' is not assignable to type 'string | [number, number, number, number]'.
src/layers/types/layer-types.ts(252,18): error TS2430: Interface 'EnhancedLayerConfig' incorrectly extends interface 'Omit<LayerConfig, "data">'.
  Types of property 'featureFlag' are incompatible.
    Type '{ flagName: string; enabled: boolean; rolloutPercentage: number; } | undefined' is not assignable to type 'string | undefined'.
      Type '{ flagName: string; enabled: boolean; rolloutPercentage: number; }' is not assignable to type 'string'.
src/layers/types/layer-types.ts(798,3): error TS2322: Type '{ data: never[]; getPosition: ((entity: EntityDataPoint) => [any, any, any]) | ((entity: EntityDataPoint) => [number, number, (number | undefined)?]); getColor: VisualChannel; getSize: VisualChannel; ... 29 more ...; dataClassification?: "public" | ... 3 more ... | undefined; }' is not assignable to type 'LegacyPointLayerConfig'.
  Types of property 'featureFlag' are incompatible.
    Type '{ flagName: string; enabled: boolean; rolloutPercentage: number; } | undefined' is not assignable to type 'string | undefined'.
src/layers/utils/layer-utils.ts(263,33): error TS2345: Argument of type '{ layerId: string; renderTime: number; dataSize: number; memoryUsage: number; cacheHitRate: number; lastRenderTime: string; fps: number; }' is not assignable to parameter of type 'LayerPerformanceMetrics'.
  Property 'sloCompliance' is missing in type '{ layerId: string; renderTime: number; dataSize: number; memoryUsage: number; cacheHitRate: number; lastRenderTime: string; fps: number; }' but required in type 'LayerPerformanceMetrics'.
